// Jest Snapshot v1, https://goo.gl/fbAQLP

exports[`renders correctly 1`] = `
<button
  className="btn btn-primary btn-lg col-md-3"
  disabled={false}
  onClick={[Function]}
  type="button"
>
  Roll
</button>
`;
