// Jest Snapshot v1, https://goo.gl/fbAQLP

exports[`renders correctly 1`] = `
<div
  className="row"
>
  <div
    className="col-6"
  >
    <h3>
      Roll under
    </h3>
  </div>
  <div
    className="col-6"
  >
    <h3
      className="text-right"
    >
      51
    </h3>
  </div>
  <div
    className="col-6"
  >
    With a wager of
  </div>
  <div
    className="col-6"
  >
    <p
      className="text-right mb-0"
    >
      0.10
        ETH
    </p>
  </div>
  <div
    className="col-6"
  >
    For a profit of
  </div>
  <div
    className="col-6"
  >
    <p
      className="text-right"
    >
      0.10
        ETH
    </p>
  </div>
</div>
`;
