// Jest Snapshot v1, https://goo.gl/fbAQLP

exports[`renders correctly 1`] = `
<div
  className="row"
>
  <div
    className="input-group col-sm-3 col-lg-2"
  >
    <input
      className="form-control"
      onChange={[Function]}
      type="number"
      value={10}
    />
  </div>
  <div
    className="col"
  >
    <div
      className="rc-slider"
      onBlur={[Function]}
      onFocus={[Function]}
      onKeyDown={[Function]}
      onMouseDown={[Function]}
      onMouseUp={[Function]}
      onTouchStart={[Function]}
    >
      <div
        className="rc-slider-rail"
        style={Object {}}
      />
      <div
        className="rc-slider-track"
        style={
          Object {
            "left": "0%",
            "width": "10%",
          }
        }
      />
      <div
        className="rc-slider-step"
      />
      <div
        aria-disabled={false}
        aria-valuemax={100}
        aria-valuemin={0}
        aria-valuenow={10}
        className="rc-slider-handle"
        onBlur={[Function]}
        onKeyDown={[Function]}
        role="slider"
        style={
          Object {
            "left": "10%",
          }
        }
        tabIndex={0}
      />
      <div
        className="rc-slider-mark"
      />
    </div>
  </div>
</div>
`;
